interactions:
- request:
    body: ''
    headers:
      accept:
      - '*/*'
      accept-encoding:
      - gzip, deflate
      connection:
      - keep-alive
      host:
      - api.flickr.com
      user-agent:
      - Flickypedia/dev (https://commons.wikimedia.org/wiki/Commons:Flickypedia; hello@flickr.org)
    method: GET
    uri: https://api.flickr.com/services/rest/?method=flickr.urls.lookupUser&url=https%3A%2F%2Fwww.flickr.com%2Fphotos%2Fdoesnotexist
  response:
    content: "<?xml version=\"1.0\" encoding=\"utf-8\" ?>\n<rsp stat=\"ok\">\n<user
      id=\"80173751@N00\">\n\t<username>doesnotexist</username>\n</user>\n</rsp>\n"
    headers:
      Connection:
      - keep-alive
      Content-Length:
      - '131'
      Content-Type:
      - text/xml; charset=utf-8
      Date:
      - Tue, 31 Oct 2023 12:32:13 GMT
      Via:
      - 1.1 876578453b1f658c7eb9b605fcd46df4.cloudfront.net (CloudFront)
      X-Amz-Cf-Id:
      - UZF2JBcJ9Z9Wx_ixuRsYa3-ApeyJ850R_YZrPkg0Zbe0XGpAJW35Zw==
      X-Amz-Cf-Pop:
      - LHR50-P8
      X-Cache:
      - Miss from cloudfront
      content-encoding:
      - gzip
      server:
      - Apache/2.4.57 (Ubuntu)
      set-cookie:
      - ccc=%7B%22needsConsent%22%3Atrue%2C%22managed%22%3A0%2C%22changed%22%3A0%2C%22info%22%3A%7B%22cookieBlock%22%3A%7B%22level%22%3A0%2C%22blockRan%22%3A0%7D%7D%7D;
        expires=Thu, 30-Nov-2023 12:32:13 GMT; Max-Age=2592000; path=/; domain=.flickr.com
      - ccc=%7B%22needsConsent%22%3Atrue%2C%22managed%22%3A0%2C%22changed%22%3A0%2C%22info%22%3A%7B%22cookieBlock%22%3A%7B%22level%22%3A0%2C%22blockRan%22%3A1%7D%7D%7D;
        expires=Thu, 30-Nov-2023 12:32:13 GMT; Max-Age=2592000; path=/; domain=.flickr.com
      vary:
      - Accept-Encoding
      x-frame-options:
      - SAMEORIGIN
      x-robots-tag:
      - noindex
    http_version: HTTP/1.1
    status_code: 200
- request:
    body: ''
    headers:
      accept:
      - '*/*'
      accept-encoding:
      - gzip, deflate
      connection:
      - keep-alive
      cookie:
      - ccc=%7B%22needsConsent%22%3Atrue%2C%22managed%22%3A0%2C%22changed%22%3A0%2C%22info%22%3A%7B%22cookieBlock%22%3A%7B%22level%22%3A0%2C%22blockRan%22%3A1%7D%7D%7D
      host:
      - api.flickr.com
      user-agent:
      - Flickypedia/dev (https://commons.wikimedia.org/wiki/Commons:Flickypedia; hello@flickr.org)
    method: GET
    uri: https://api.flickr.com/services/rest/?method=flickr.people.getInfo&user_id=80173751%40N00
  response:
    content: "<?xml version=\"1.0\" encoding=\"utf-8\" ?>\n<rsp stat=\"ok\">\n<person
      id=\"80173751@N00\" nsid=\"80173751@N00\" ispro=\"0\" is_deleted=\"0\" iconserver=\"48\"
      iconfarm=\"1\" path_alias=\"doesnotexist\" has_stats=\"0\" has_adfree=\"0\"
      has_free_standard_shipping=\"0\" has_free_educational_resources=\"0\">\n\t<username>doesnotexist</username>\n\t<location
      />\n\t<description />\n\t<photosurl>https://www.flickr.com/photos/doesnotexist/</photosurl>\n\t<profileurl>https://www.flickr.com/people/doesnotexist/</profileurl>\n\t<mobileurl>https://m.flickr.com/photostream.gne?id=266047</mobileurl>\n\t<photos>\n\t\t<firstdatetaken>2006-06-17
      01:39:52</firstdatetaken>\n\t\t<firstdate>1151042652</firstdate>\n\t\t<count>45</count>\n\t</photos>\n</person>\n</rsp>\n"
    headers:
      Connection:
      - keep-alive
      Content-Length:
      - '372'
      Content-Type:
      - text/xml; charset=utf-8
      Date:
      - Tue, 31 Oct 2023 12:32:13 GMT
      Via:
      - 1.1 876578453b1f658c7eb9b605fcd46df4.cloudfront.net (CloudFront)
      X-Amz-Cf-Id:
      - oqrHuzVh6VE02GftNOZTXi7aim-J_QyzM3VJsCdjAPa6ENvo46OgTA==
      X-Amz-Cf-Pop:
      - LHR50-P8
      X-Cache:
      - Miss from cloudfront
      content-encoding:
      - gzip
      server:
      - Apache/2.4.57 (Ubuntu)
      set-cookie:
      - ccc=%7B%22needsConsent%22%3Atrue%2C%22managed%22%3A0%2C%22changed%22%3A0%2C%22info%22%3A%7B%22cookieBlock%22%3A%7B%22level%22%3A0%2C%22blockRan%22%3A1%7D%7D%7D;
        expires=Thu, 30-Nov-2023 12:32:13 GMT; Max-Age=2592000; path=/; domain=.flickr.com
      vary:
      - Accept-Encoding
      x-frame-options:
      - SAMEORIGIN
      x-robots-tag:
      - noindex
    http_version: HTTP/1.1
    status_code: 200
- request:
    body: ''
    headers:
      accept:
      - '*/*'
      accept-encoding:
      - gzip, deflate
      connection:
      - keep-alive
      cookie:
      - ccc=%7B%22needsConsent%22%3Atrue%2C%22managed%22%3A0%2C%22changed%22%3A0%2C%22info%22%3A%7B%22cookieBlock%22%3A%7B%22level%22%3A0%2C%22blockRan%22%3A1%7D%7D%7D
      host:
      - api.flickr.com
      user-agent:
      - Flickypedia/dev (https://commons.wikimedia.org/wiki/Commons:Flickypedia; hello@flickr.org)
    method: GET
    uri: https://api.flickr.com/services/rest/?extras=license%2Cdate_upload%2Cdate_taken%2Cmedia%2Coriginal_format%2Cowner_name%2Curl_sq%2Curl_t%2Curl_s%2Curl_m%2Curl_o%2Curl_q%2Curl_l%2Cdescription%2Csafety_level&method=flickr.photosets.getPhotos&page=1&per_page=10&photoset_id=12345678901234567890&user_id=80173751%40N00
  response:
    content: "<?xml version=\"1.0\" encoding=\"utf-8\" ?>\n<rsp stat=\"fail\">\n\t<err
      code=\"1\" msg=\"Photoset not found\" />\n</rsp>\n"
    headers:
      Connection:
      - keep-alive
      Content-Length:
      - '115'
      Content-Type:
      - text/xml; charset=utf-8
      Date:
      - Tue, 31 Oct 2023 12:32:13 GMT
      Via:
      - 1.1 876578453b1f658c7eb9b605fcd46df4.cloudfront.net (CloudFront)
      X-Amz-Cf-Id:
      - k8V4GQywb2n8I-QdYowj7IWl52QOW-LVL4lEPuqp8DWFjWnRMrlEow==
      X-Amz-Cf-Pop:
      - LHR50-P8
      X-Cache:
      - Miss from cloudfront
      content-encoding:
      - gzip
      server:
      - Apache/2.4.57 (Ubuntu)
      set-cookie:
      - ccc=%7B%22needsConsent%22%3Atrue%2C%22managed%22%3A0%2C%22changed%22%3A0%2C%22info%22%3A%7B%22cookieBlock%22%3A%7B%22level%22%3A0%2C%22blockRan%22%3A1%7D%7D%7D;
        expires=Thu, 30-Nov-2023 12:32:13 GMT; Max-Age=2592000; path=/; domain=.flickr.com
      vary:
      - Accept-Encoding
      x-frame-options:
      - SAMEORIGIN
      x-robots-tag:
      - noindex
    http_version: HTTP/1.1
    status_code: 200
version: 1
